[     308ms] [LOG] [Fast Refresh] rebuilding @ http://localhost:3000/_next/static/chunks/fa2c7_next_dist_4060d9f0._.js:2297
[     724ms] [LOG] [Fast Refresh] done in 517ms @ http://localhost:3000/_next/static/chunks/fa2c7_next_dist_4060d9f0._.js:2297
[    1145ms] [INFO] %cDownload the React DevTools for a better development experience: https://react.dev/link/react-devtools font-weight:bold @ http://localhost:3000/_next/static/chunks/fa2c7_next_dist_4060d9f0._.js:2297
[    1208ms] [LOG] [HMR] connected @ http://localhost:3000/_next/static/chunks/fa2c7_next_dist_4060d9f0._.js:2297
[    1325ms] [LOG] [Fast Refresh] rebuilding @ http://localhost:3000/_next/static/chunks/fa2c7_next_dist_4060d9f0._.js:2297
[    2046ms] [ERROR] Failed to load resource: net::ERR_CONNECTION_REFUSED @ http://localhost:2877/api/v1/tenant/8cbab5f6-518d-439c-94fb-a3ae563f1b29:0
[    2046ms] [ERROR] Failed to load resource: net::ERR_CONNECTION_REFUSED @ http://localhost:2877/api/v1/company/tenant/8cbab5f6-518d-439c-94fb-a3ae563f1b29:0
[    2665ms] [LOG] [Fast Refresh] done in 1444ms @ http://localhost:3000/_next/static/chunks/fa2c7_next_dist_4060d9f0._.js:2297
[   30218ms] [INFO] %cDownload the React DevTools for a better development experience: https://react.dev/link/react-devtools font-weight:bold @ http://localhost:3000/_next/static/chunks/fa2c7_next_dist_4060d9f0._.js:2297
[   30244ms] [LOG] [HMR] connected @ http://localhost:3000/_next/static/chunks/fa2c7_next_dist_4060d9f0._.js:2297
[   30324ms] [ERROR] Failed to load resource: net::ERR_CONNECTION_REFUSED @ http://localhost:2877/api/v1/tenant/8cbab5f6-518d-439c-94fb-a3ae563f1b29:0
[   30324ms] [ERROR] Failed to load resource: net::ERR_CONNECTION_REFUSED @ http://localhost:2877/api/v1/company/tenant/8cbab5f6-518d-439c-94fb-a3ae563f1b29:0
[   76273ms] [LOG] [Fast Refresh] rebuilding @ http://localhost:3000/_next/static/chunks/fa2c7_next_dist_4060d9f0._.js:2297
[   76363ms] [LOG] [Fast Refresh] done in 166ms @ http://localhost:3000/_next/static/chunks/fa2c7_next_dist_4060d9f0._.js:2297
[   84360ms] [LOG] [Fast Refresh] rebuilding @ http://localhost:3000/_next/static/chunks/fa2c7_next_dist_4060d9f0._.js:2297
[   84386ms] [LOG] [Fast Refresh] done in 44ms @ http://localhost:3000/_next/static/chunks/fa2c7_next_dist_4060d9f0._.js:2297
[  246137ms] [LOG] [Fast Refresh] rebuilding @ http://localhost:3000/_next/static/chunks/fa2c7_next_dist_4060d9f0._.js:2297
[  246612ms] [ERROR] Failed to load resource: net::ERR_CONNECTION_REFUSED @ http://localhost:2877/api/v1/tenant/8cbab5f6-518d-439c-94fb-a3ae563f1b29:0
[  246612ms] [ERROR] Failed to load resource: net::ERR_CONNECTION_REFUSED @ http://localhost:2877/api/v1/company/tenant/8cbab5f6-518d-439c-94fb-a3ae563f1b29:0
[  246612ms] [LOG] [Fast Refresh] done in 392ms @ http://localhost:3000/_next/static/chunks/fa2c7_next_dist_4060d9f0._.js:2297
[  246613ms] [ERROR] Failed to load resource: net::ERR_CONNECTION_REFUSED @ http://localhost:2877/api/v1/tenant/8cbab5f6-518d-439c-94fb-a3ae563f1b29:0
[  246613ms] [ERROR] Failed to load resource: net::ERR_CONNECTION_REFUSED @ http://localhost:2877/api/v1/company/tenant/8cbab5f6-518d-439c-94fb-a3ae563f1b29:0
[  343043ms] [LOG] [Fast Refresh] rebuilding @ http://localhost:3000/_next/static/chunks/fa2c7_next_dist_4060d9f0._.js:2297
[  343415ms] [LOG] [Fast Refresh] done in 320ms @ http://localhost:3000/_next/static/chunks/fa2c7_next_dist_4060d9f0._.js:2297
[  343416ms] [ERROR] Failed to load resource: net::ERR_CONNECTION_REFUSED @ http://localhost:2877/api/v1/tenant/8cbab5f6-518d-439c-94fb-a3ae563f1b29:0
[  343416ms] [ERROR] Failed to load resource: net::ERR_CONNECTION_REFUSED @ http://localhost:2877/api/v1/company/tenant/8cbab5f6-518d-439c-94fb-a3ae563f1b29:0
[  343416ms] [ERROR] Failed to load resource: net::ERR_CONNECTION_REFUSED @ http://localhost:2877/api/v1/tenant/8cbab5f6-518d-439c-94fb-a3ae563f1b29:0
[  343416ms] [ERROR] Failed to load resource: net::ERR_CONNECTION_REFUSED @ http://localhost:2877/api/v1/company/tenant/8cbab5f6-518d-439c-94fb-a3ae563f1b29:0
[  372947ms] [LOG] [Fast Refresh] rebuilding @ http://localhost:3000/_next/static/chunks/fa2c7_next_dist_4060d9f0._.js:2297
[  373001ms] [LOG] [Fast Refresh] done in 66ms @ http://localhost:3000/_next/static/chunks/fa2c7_next_dist_4060d9f0._.js:2297
[  401770ms] [LOG] [Fast Refresh] rebuilding @ http://localhost:3000/_next/static/chunks/fa2c7_next_dist_4060d9f0._.js:2297
[  401776ms] [LOG] [Fast Refresh] done in 108ms @ http://localhost:3000/_next/static/chunks/fa2c7_next_dist_4060d9f0._.js:2297
[  413730ms] [LOG] [Fast Refresh] rebuilding @ http://localhost:3000/_next/static/chunks/fa2c7_next_dist_4060d9f0._.js:2297
[  413912ms] [LOG] [Fast Refresh] done in 286ms @ http://localhost:3000/_next/static/chunks/fa2c7_next_dist_4060d9f0._.js:2297
[  432357ms] [LOG] [Fast Refresh] rebuilding @ http://localhost:3000/_next/static/chunks/fa2c7_next_dist_4060d9f0._.js:2297
[  432362ms] [LOG] [Fast Refresh] done in 111ms @ http://localhost:3000/_next/static/chunks/fa2c7_next_dist_4060d9f0._.js:2297
[  470020ms] [LOG] [Fast Refresh] rebuilding @ http://localhost:3000/_next/static/chunks/fa2c7_next_dist_4060d9f0._.js:2297
[  470040ms] [LOG] [Fast Refresh] done in 121ms @ http://localhost:3000/_next/static/chunks/fa2c7_next_dist_4060d9f0._.js:2297
